---
source: src/encoding_test.rs
expression: output
---
Board encoding for starting position:
=====================================

Plane 0: White Pawns
. . . . . . . . 
. . . . . . . . 
. . . . . . . . 
. . . . . . . . 
. . . . . . . . 
. . . . . . . . 
1 1 1 1 1 1 1 1 
. . . . . . . . 

Plane 1: White Knights
. . . . . . . . 
. . . . . . . . 
. . . . . . . . 
. . . . . . . . 
. . . . . . . . 
. . . . . . . . 
. . . . . . . . 
. 1 . . . . 1 . 

Plane 2: White Bishops
. . . . . . . . 
. . . . . . . . 
. . . . . . . . 
. . . . . . . . 
. . . . . . . . 
. . . . . . . . 
. . . . . . . . 
. . 1 . . 1 . . 

Plane 3: White Rooks
. . . . . . . . 
. . . . . . . . 
. . . . . . . . 
. . . . . . . . 
. . . . . . . . 
. . . . . . . . 
. . . . . . . . 
1 . . . . . . 1 

Plane 4: White Queens
. . . . . . . . 
. . . . . . . . 
. . . . . . . . 
. . . . . . . . 
. . . . . . . . 
. . . . . . . . 
. . . . . . . . 
. . . 1 . . . . 

Plane 5: White Kings
. . . . . . . . 
. . . . . . . . 
. . . . . . . . 
. . . . . . . . 
. . . . . . . . 
. . . . . . . . 
. . . . . . . . 
. . . . 1 . . . 

Plane 6: Black Pawns
. . . . . . . . 
1 1 1 1 1 1 1 1 
. . . . . . . . 
. . . . . . . . 
. . . . . . . . 
. . . . . . . . 
. . . . . . . . 
. . . . . . . . 

Plane 7: Black Knights
. 1 . . . . 1 . 
. . . . . . . . 
. . . . . . . . 
. . . . . . . . 
. . . . . . . . 
. . . . . . . . 
. . . . . . . . 
. . . . . . . . 

Plane 8: Black Bishops
. . 1 . . 1 . . 
. . . . . . . . 
. . . . . . . . 
. . . . . . . . 
. . . . . . . . 
. . . . . . . . 
. . . . . . . . 
. . . . . . . . 

Plane 9: Black Rooks
1 . . . . . . 1 
. . . . . . . . 
. . . . . . . . 
. . . . . . . . 
. . . . . . . . 
. . . . . . . . 
. . . . . . . . 
. . . . . . . . 

Plane 10: Black Queens
. . . 1 . . . . 
. . . . . . . . 
. . . . . . . . 
. . . . . . . . 
. . . . . . . . 
. . . . . . . . 
. . . . . . . . 
. . . . . . . . 

Plane 11: Black Kings
. . . . 1 . . . 
. . . . . . . . 
. . . . . . . . 
. . . . . . . . 
. . . . . . . . 
. . . . . . . . 
. . . . . . . . 
. . . . . . . . 

Plane 12: En Passant
. . . . . . . . 
. . . . . . . . 
. . . . . . . . 
. . . . . . . . 
. . . . . . . . 
. . . . . . . . 
. . . . . . . . 
. . . . . . . . 

Plane 13: Move Count
. . . . . . . . 
. . . . . . . . 
. . . . . . . . 
. . . . . . . . 
. . . . . . . . 
. . . . . . . . 
. . . . . . . . 
. . . . . . . . 

Plane 14: Castling Rights
1 . . . . . . 1 
. . . . . . . . 
. . . . . . . . 
. . . . . . . . 
. . . . . . . . 
. . . . . . . . 
. . . . . . . . 
1 . . . . . . 1 

Plane 15: Is Check
. . . . . . . . 
. . . . . . . . 
. . . . . . . . 
. . . . . . . . 
. . . . . . . . 
. . . . . . . . 
. . . . . . . . 
. . . . . . . .
